ASxxxx Linker V03.00 + NoICE + sdld,  page 1.
Hexadecimal  [32-Bits]

Area                                    Addr        Size        Decimal Bytes (Attributes)
--------------------------------        ----        ----        ------- ----- ------------
.  .ABS.                            00000000    00000000 =           0. bytes (ABS,CON)

      Value  Global                              Global Defined In Module
      -----  --------------------------------   ------------------------
     00000000  .__.ABS.                           
     00000000  l__CABS                         
     00000000  l__DABS                         
     00000000  l__DATA                         
     00000000  l__GSFINAL                      
     00000000  l__GSINIT                       
     00000000  l__HOME                         
     00000000  l__INITIALIZED                  
     00000000  l__INITIALIZER                  
     00000000  s__CABS                         
     00000000  s__DABS                         
     0000012D  l__CODE                         
     00004000  s__CODE                         
     0000412D  s__DATA                         
     0000412D  s__GSFINAL                      
     0000412D  s__GSINIT                       
     0000412D  s__HOME                         
     0000412D  s__INITIALIZED                  
     0000412D  s__INITIALIZER                  

ASxxxx Linker V03.00 + NoICE + sdld,  page 2.
Hexadecimal  [32-Bits]

Area                                    Addr        Size        Decimal Bytes (Attributes)
--------------------------------        ----        ----        ------- ----- ------------
_CODE                               00004000    0000012D =         301. bytes (REL,CON)

      Value  Global                              Global Defined In Module
      -----  --------------------------------   ------------------------
     00004000  _main                              main
     00004034  _cpct_drawStringM1                 cpct_strings
     00004064  cpct_drawCharM1_inner_asm          cpct_strings
     000040A4  cpct_char2pxM1                     cpct_strings
     000040B4  _cpct_mode_rom_status              cpct_firmware
     000040B5  _cpct_getScreenPtr                 cpct_video
     000040D5  _cpct_setDrawCharM1                cpct_strings
     00004129  dc_mode1_ct                        

ASxxxx Linker V03.00 + NoICE + sdld,  page 3.

Files Linked                              [ module(s) ]

obj/main.rel                              [ main ]


Libraries Linked                          [ object file ]

/home/dani/opt/cpctelera/cpctelera/cpctelera.lib
                                          [ cpct_drawStringM1_cbindings.rel ]
/home/dani/opt/cpctelera/cpctelera/cpctelera.lib
                                          [ cpct_drawCharM1_inner.rel ]
/home/dani/opt/cpctelera/cpctelera/cpctelera.lib
                                          [ cpc_mode_rom_status.rel ]
/home/dani/opt/cpctelera/cpctelera/cpctelera.lib
                                          [ cpct_getScreenPtr_cbindings.rel ]
/home/dani/opt/cpctelera/cpctelera/cpctelera.lib
                                          [ cpct_setDrawCharM1_cbindings.rel ]
/home/dani/opt/cpctelera/cpctelera/cpctelera.lib
                                          [ cpct_dc_mode1_ct.rel ]

ASxxxx Linker V03.00 + NoICE + sdld,  page 4.

User Base Address Definitions

_CODE = 0x4000
_DATA = 0x0000

