ASxxxx Linker V03.00 + NoICE + sdld,  page 1.
Hexadecimal  [32-Bits]

Area                                    Addr        Size        Decimal Bytes (Attributes)
--------------------------------        ----        ----        ------- ----- ------------
.  .ABS.                            00000000    00000000 =           0. bytes (ABS,CON)

      Value  Global                              Global Defined In Module
      -----  --------------------------------   ------------------------
     00000000  .__.ABS.                           cpct_video
     00000000  l__CABS                         
     00000000  l__DABS                         
     00000000  l__GSFINAL                      
     00000000  l__GSINIT                       
     00000000  l__HOME                         
     00000000  l__INITIALIZED                  
     00000000  l__INITIALIZER                  
     00000000  s__CABS                         
     00000000  s__DABS                         
     00000035  l__DATA                         
     0000016A  l__CODE                         
     00004000  s__CODE                         
     0000416A  s__DATA                         
     0000419F  s__GSFINAL                      
     0000419F  s__GSINIT                       
     0000419F  s__HOME                         
     0000419F  s__INITIALIZED                  
     0000419F  s__INITIALIZER                  

ASxxxx Linker V03.00 + NoICE + sdld,  page 2.
Hexadecimal  [32-Bits]

Area                                    Addr        Size        Decimal Bytes (Attributes)
--------------------------------        ----        ----        ------- ----- ------------
_CODE                               00004000    0000016A =         362. bytes (REL,CON)

      Value  Global                              Global Defined In Module
      -----  --------------------------------   ------------------------
     00004000  _createEntity                      main
     00004010  _init_e                            main
     00004015  _main                              main
     00004044  _sys_physics_update_one_entity     physics
     0000407F  _sys_phyisics_update               physics
     00004088  _sys_render_one_entity             render
     000040B6  _sys_render_update                 render
     000040BF  _man_entitiy_init                  entity
     000040D4  _man_entitiy_create                entity
     000040E5  _man_entity_forall                 entity
     00004101  _man_entity_destroy                entity
     00004108  _cpct_setPALColour                 cpct_video
     00004114  ___sdcc_call_hl                    
     00004115  _cpct_setVideoMode                 cpct_video
     00004123  _cpct_memset                       cpct_memutils
     00004131  _cpct_memcpy                       cpct_memutils
     00004139  _cpct_disableFirmware              cpct_firmware
     00004139  _cpct_removeInterruptHandler       cpct_firmware
     00004139  cpct_disableFirmware_asm           cpct_firmware
     00004139  cpct_removeInterruptHandler_asm    cpct_firmware
     00004149  _cpct_mode_rom_status              cpct_firmware
     0000414A  _cpct_getScreenPtr                 cpct_video

ASxxxx Linker V03.00 + NoICE + sdld,  page 3.
Hexadecimal  [32-Bits]

Area                                    Addr        Size        Decimal Bytes (Attributes)
--------------------------------        ----        ----        ------- ----- ------------
_DATA                               0000416A    00000035 =          53. bytes (REL,CON)

      Value  Global                              Global Defined In Module
      -----  --------------------------------   ------------------------
     0000416A  _m_entities                        entity
     0000419C  _m_next_free_entity                entity
     0000419E  _m_reserved_entities               entity
ASxxxx Linker V03.00 + NoICE + sdld,  page 4.

Files Linked                              [ module(s) ]

obj/main.rel                              [ main ]
obj/sys/physics.rel                       [ physics ]
obj/sys/render.rel                        [ render ]
obj/man/entity.rel                        [ entity ]


Libraries Linked                          [ object file ]

/home/dani/opt/cpctelera/cpctelera/cpctelera.lib
                                          [ cpct_setPALColour_cbindings.rel ]
/home/dani/opt/cpctelera/cpctelera/tools/sdcc-3.6.8-r9946/bin/../share/sdcc/lib/z80/z80.lib
                                          [ __sdcc_call_hl.rel ]
/home/dani/opt/cpctelera/cpctelera/cpctelera.lib
                                          [ cpct_setVideoMode_cbindings.rel ]
/home/dani/opt/cpctelera/cpctelera/cpctelera.lib
                                          [ cpct_memset_cbinding.rel ]
/home/dani/opt/cpctelera/cpctelera/cpctelera.lib
                                          [ cpct_memcpy_cbindings.rel ]
/home/dani/opt/cpctelera/cpctelera/cpctelera.lib
                                          [ cpct_removeInterruptHandler.rel ]
/home/dani/opt/cpctelera/cpctelera/cpctelera.lib
                                          [ cpc_mode_rom_status.rel ]
/home/dani/opt/cpctelera/cpctelera/cpctelera.lib
                                          [ cpct_getScreenPtr_cbindings.rel ]

ASxxxx Linker V03.00 + NoICE + sdld,  page 5.

User Base Address Definitions

_CODE = 0x4000
_DATA = 0x0000

